// Jest Snapshot v1, https://goo.gl/fbAQLP

exports[`Col 스냅샷과 일치한다.. 1`] = `[Function]`;
